test_benchmark_accepts_zero_resolution_simulation_cpu_timings (test_dev.DevCliTests.test_benchmark_accepts_zero_resolution_simulation_cpu_timings) ... ok
test_benchmark_is_rendered_and_requires_valid_fresh_counts (test_dev.DevCliTests.test_benchmark_is_rendered_and_requires_valid_fresh_counts) ... ok
test_benchmark_rejects_a_report_with_wrong_counts (test_dev.DevCliTests.test_benchmark_rejects_a_report_with_wrong_counts) ... ok
test_benchmark_rejects_missing_invalid_or_nonfinite_measurements (test_dev.DevCliTests.test_benchmark_rejects_missing_invalid_or_nonfinite_measurements) ... ok
test_benchmark_requires_every_measurement_field (test_dev.DevCliTests.test_benchmark_requires_every_measurement_field) ... ok
test_build_uses_editor_target_and_prints_an_argument_array (test_dev.DevCliTests.test_build_uses_editor_target_and_prints_an_argument_array) ... ok
test_child_failure_is_propagated_and_logged (test_dev.DevCliTests.test_child_failure_is_propagated_and_logged) ... ok
test_combat_benchmark_constructs_rendered_command_and_validates_evidence (test_dev.DevCliTests.test_combat_benchmark_constructs_rendered_command_and_validates_evidence) ... ok
test_combat_benchmark_propagates_editor_failure (test_dev.DevCliTests.test_combat_benchmark_propagates_editor_failure) ... ok
test_combat_benchmark_rejects_report_without_real_combat_evidence (test_dev.DevCliTests.test_combat_benchmark_rejects_report_without_real_combat_evidence) ... ok
test_combat_benchmark_terrain_selects_distinct_scenario_mode_and_report (test_dev.DevCliTests.test_combat_benchmark_terrain_selects_distinct_scenario_mode_and_report) ... ok
test_core_suite_filter_fails_when_ctest_matches_no_tests (test_dev.DevCliTests.test_core_suite_filter_fails_when_ctest_matches_no_tests) ... ok
test_core_test_never_requires_or_invokes_unreal (test_dev.DevCliTests.test_core_test_never_requires_or_invokes_unreal) ... ok
test_create_map_accepts_only_an_editor_generated_umap (test_dev.DevCliTests.test_create_map_accepts_only_an_editor_generated_umap) ... ok
test_create_map_requires_the_real_umap_output (test_dev.DevCliTests.test_create_map_requires_the_real_umap_output) ... ok
test_doctor_writes_exact_unreal_version_without_hardware_identifiers (test_dev.DevCliTests.test_doctor_writes_exact_unreal_version_without_hardware_identifiers) ... ok
test_editor_test_parses_successful_matching_tests (test_dev.DevCliTests.test_editor_test_parses_successful_matching_tests) ... ok
test_editor_test_rejects_failed_and_skipped_tests (test_dev.DevCliTests.test_editor_test_rejects_failed_and_skipped_tests) ... ok
test_editor_test_rejects_failed_inspection_report (test_dev.DevCliTests.test_editor_test_rejects_failed_inspection_report) ... ok
test_editor_test_rejects_failed_placement_report (test_dev.DevCliTests.test_editor_test_rejects_failed_placement_report) ... ok
test_editor_test_rejects_missing_or_empty_reports (test_dev.DevCliTests.test_editor_test_rejects_missing_or_empty_reports) ... ok
test_editor_test_rejects_missing_placement_report (test_dev.DevCliTests.test_editor_test_rejects_missing_placement_report) ... ok
test_editor_test_rejects_report_without_inspection_tests (test_dev.DevCliTests.test_editor_test_rejects_report_without_inspection_tests) ... ok
test_editor_test_rejects_report_without_profiling_tests (test_dev.DevCliTests.test_editor_test_rejects_report_without_profiling_tests) ... ok
test_editor_test_selects_and_validates_inspection_suite (test_dev.DevCliTests.test_editor_test_selects_and_validates_inspection_suite) ... ok
test_editor_test_selects_and_validates_placement_suite (test_dev.DevCliTests.test_editor_test_selects_and_validates_placement_suite) ... ok
test_editor_test_selects_and_validates_profiling_suite (test_dev.DevCliTests.test_editor_test_selects_and_validates_profiling_suite) ... ok
test_engine_command_fails_when_engine_root_is_missing (test_dev.DevCliTests.test_engine_command_fails_when_engine_root_is_missing) ... ok
test_engine_option_is_accepted_after_the_subcommand (test_dev.DevCliTests.test_engine_option_is_accepted_after_the_subcommand) ... ok
test_hardware_profile_parser_keeps_specs_and_drops_identifiers (test_dev.DevCliTests.test_hardware_profile_parser_keeps_specs_and_drops_identifiers) ... ok
test_package_invokes_installed_run_uat_for_mac (test_dev.DevCliTests.test_package_invokes_installed_run_uat_for_mac) ... ok
test_run_passes_prototype_scenario_on_the_foundation_map (test_dev.DevCliTests.test_run_passes_prototype_scenario_on_the_foundation_map) ... ok
test_run_passes_scenario_and_soldier_count_as_game_flags (test_dev.DevCliTests.test_run_passes_scenario_and_soldier_count_as_game_flags) ... ok
test_run_passes_settlement_scenario_on_the_foundation_map (test_dev.DevCliTests.test_run_passes_settlement_scenario_on_the_foundation_map) ... ok
test_run_passes_terrain_scenario_on_the_foundation_map (test_dev.DevCliTests.test_run_passes_terrain_scenario_on_the_foundation_map) ... ok
test_terrain_combat_benchmark_rejects_500_per_side (test_dev.DevCliTests.test_terrain_combat_benchmark_rejects_500_per_side) ... ok
test_terrain_combat_report_requires_navigation_and_crossing_evidence (test_dev.DevCliTests.test_terrain_combat_report_requires_navigation_and_crossing_evidence) ... ok
test_timeout_returns_124_and_does_not_report_success (test_dev.DevCliTests.test_timeout_returns_124_and_does_not_report_success) ... ok
test_accepts_two_comparison_modes_and_static_crowds_without_animation_claim (test_kusazuri.KusazuriReviewTests.test_accepts_two_comparison_modes_and_static_crowds_without_animation_claim) ... ok
test_literal_isolated_command_and_real_crowd_count (test_kusazuri.KusazuriReviewTests.test_literal_isolated_command_and_real_crowd_count) ... ok
test_rejects_incomplete_counts_and_non_rendering_evidence (test_kusazuri.KusazuriReviewTests.test_rejects_incomplete_counts_and_non_rendering_evidence) ... ok
test_rejects_invalid_panel_motion_and_skeleton_evidence (test_kusazuri.KusazuriReviewTests.test_rejects_invalid_panel_motion_and_skeleton_evidence) ... ok
test_rejects_stalled_or_wrong_native_clip_and_accepts_diagnostic_pose (test_kusazuri.KusazuriReviewTests.test_rejects_stalled_or_wrong_native_clip_and_accepts_diagnostic_pose) ... ok
test_rejects_unsupported_counts_ambiguous_crowd_poses_and_unsafe_labels (test_kusazuri.KusazuriReviewTests.test_rejects_unsupported_counts_ambiguous_crowd_poses_and_unsafe_labels) ... ok
test_aggregates_each_interaction_source_count_and_preview_cache_cohort (test_latency.LatencyReportTests.test_aggregates_each_interaction_source_count_and_preview_cache_cohort) ... ok
test_cli_writes_report_and_uses_nonzero_exit_for_incomplete_capture (test_latency.LatencyReportTests.test_cli_writes_report_and_uses_nonzero_exit_for_incomplete_capture) ... ok
test_counts_superseded_but_marks_pending_overflow_and_missing_observations_incomplete (test_latency.LatencyReportTests.test_counts_superseded_but_marks_pending_overflow_and_missing_observations_incomplete) ... ok
test_duplicate_ids_and_malformed_frame_pacing_are_rejected (test_latency.LatencyReportTests.test_duplicate_ids_and_malformed_frame_pacing_are_rejected) ... ok
test_groups_frame_pacing_by_event_level_scene_count (test_latency.LatencyReportTests.test_groups_frame_pacing_by_event_level_scene_count) ... ok
test_input_to_logic_is_reported_only_for_slate_and_total_uses_honest_origin (test_latency.LatencyReportTests.test_input_to_logic_is_reported_only_for_slate_and_total_uses_honest_origin) ... ok
test_not_requested_keeps_logic_metrics_without_claiming_visual_latency (test_latency.LatencyReportTests.test_not_requested_keeps_logic_metrics_without_claiming_visual_latency) ... ok
test_optional_dropped_input_count_contributes_to_overflow (test_latency.LatencyReportTests.test_optional_dropped_input_count_contributes_to_overflow) ... ok
test_rejects_bad_stage_order_frames_and_source_association (test_latency.LatencyReportTests.test_rejects_bad_stage_order_frames_and_source_association) ... ok
test_rejects_capture_without_events_or_frame_pacing (test_latency.LatencyReportTests.test_rejects_capture_without_events_or_frame_pacing) ... ok
test_rejects_stale_future_or_wrong_schema_captures (test_latency.LatencyReportTests.test_rejects_stale_future_or_wrong_schema_captures) ... ok
test_rejects_unknown_source_and_source_timing_after_logic (test_latency.LatencyReportTests.test_rejects_unknown_source_and_source_timing_after_logic) ... ok
test_reports_optional_scene_render_thread_decomposition (test_latency.LatencyReportTests.test_reports_optional_scene_render_thread_decomposition) ... ok
test_cli_rejects_unbounded_duration_and_path_traversal_labels (test_sode.SodeReviewCliTests.test_cli_rejects_unbounded_duration_and_path_traversal_labels) ... ok
test_command_uses_isolated_review_and_literal_paths (test_sode.SodeReviewCliTests.test_command_uses_isolated_review_and_literal_paths) ... ok
test_rejects_malformed_render_flags_counts_and_viewport (test_sode.SodeReviewCliTests.test_rejects_malformed_render_flags_counts_and_viewport) ... ok
test_rejects_malformed_report_root_and_missing_measurements (test_sode.SodeReviewCliTests.test_rejects_malformed_report_root_and_missing_measurements) ... ok
test_rejects_missing_or_incompatible_skeleton_evidence (test_sode.SodeReviewCliTests.test_rejects_missing_or_incompatible_skeleton_evidence) ... ok
test_rejects_missing_or_malformed_suspension_evidence (test_sode.SodeReviewCliTests.test_rejects_missing_or_malformed_suspension_evidence) ... ok
test_rejects_nonfinite_out_of_range_and_mistyped_bone_errors (test_sode.SodeReviewCliTests.test_rejects_nonfinite_out_of_range_and_mistyped_bone_errors) ... ok
test_rejects_stalled_or_mislabeled_animation (test_sode.SodeReviewCliTests.test_rejects_stalled_or_mislabeled_animation) ... ok
test_rejects_wrong_side_counts_or_stale_requested_modes (test_sode.SodeReviewCliTests.test_rejects_wrong_side_counts_or_stale_requested_modes) ... ok
test_valid_comparisons_and_diagnostic_pose_do_not_require_a_native_bow_clip (test_sode.SodeReviewCliTests.test_valid_comparisons_and_diagnostic_pose_do_not_require_a_native_bow_clip) ... ok

----------------------------------------------------------------------
Ran 67 tests in 17.642s

OK
