[  6%] Building CXX object CMakeFiles/domain_core.dir/Users/brianwilliams/Desktop/Shoen-Rise-of-the-Samurai/game/Source/DomainCore/Private/sim/World.cpp.o
[ 13%] Building CXX object CMakeFiles/domain_core.dir/Users/brianwilliams/Desktop/Shoen-Rise-of-the-Samurai/game/Source/DomainCore/Private/sim/SaveCodec.cpp.o
[ 20%] Building CXX object CMakeFiles/domain_core.dir/Users/brianwilliams/Desktop/Shoen-Rise-of-the-Samurai/game/Source/DomainCore/Private/sim/Battle.cpp.o
[ 26%] Building CXX object CMakeFiles/domain_core.dir/Users/brianwilliams/Desktop/Shoen-Rise-of-the-Samurai/game/Source/DomainCore/Private/sim/Buildings.cpp.o
[ 33%] Building CXX object CMakeFiles/domain_core.dir/Users/brianwilliams/Desktop/Shoen-Rise-of-the-Samurai/game/Source/DomainCore/Private/sim/Inspection.cpp.o
[ 40%] Building CXX object CMakeFiles/domain_core.dir/Users/brianwilliams/Desktop/Shoen-Rise-of-the-Samurai/game/Source/DomainCore/Private/sim/ProfilingFixture.cpp.o
[ 46%] Linking CXX static library libdomain_core.a
[ 46%] Built target domain_core
[ 53%] Building CXX object CMakeFiles/domain_core_tests.dir/tests/test_core.cpp.o
[ 60%] Linking CXX executable domain_core_tests
[ 60%] Built target domain_core_tests
[ 66%] Building CXX object CMakeFiles/domain_building_tests.dir/tests/test_buildings.cpp.o
[ 73%] Linking CXX executable domain_building_tests
[ 73%] Built target domain_building_tests
[ 80%] Building CXX object CMakeFiles/domain_inspection_tests.dir/tests/test_inspection.cpp.o
[ 86%] Linking CXX executable domain_inspection_tests
[ 86%] Built target domain_inspection_tests
[ 93%] Building CXX object CMakeFiles/domain_profiling_fixture_tests.dir/tests/test_profiling_fixture.cpp.o
[100%] Linking CXX executable domain_profiling_fixture_tests
[100%] Built target domain_profiling_fixture_tests
