+ ["/Users/Shared/Epic Games/UE_5.8/Engine/Build/BatchFiles/Mac/Build.sh", "ShoenEditor", "Mac", "Development", "/Users/brianwilliams/Desktop/Shoen-Rise-of-the-Samurai/game/Shoen.uproject", "-WaitMutex", "-NoHotReloadFromIDE"]
Setting up bundled DotNet SDK
/Users/Shared/Epic Games/UE_5.8/Engine/Binaries/ThirdParty/DotNet/10.0/mac-arm64
Running dotnet Engine/Binaries/DotNET/UnrealBuildTool/UnrealBuildTool.dll ShoenEditor Mac Development /Users/brianwilliams/Desktop/Shoen-Rise-of-the-Samurai/game/Shoen.uproject -WaitMutex -NoHotReloadFromIDE
Log file: /Users/brianwilliams/Library/Application Support/Epic/UnrealBuildTool/Log.txt
Determining max actions to execute in parallel (10 physical cores, 10 logical cores)
  Executing up to 10 processes, one per physical core
Using 'git status' to determine working set for adaptive non-unity build (/Users/brianwilliams/Desktop/Shoen-Rise-of-the-Samurai).
UbaServer - Listening on 0.0.0.0:1345
Invalidating makefile for ShoenEditor (ispc deleted)
Compiling with Mac SDK 26.5, minimum Target OS version 14.00
Building ShoenEditor...
===== Toolchain Information =====
Using Clang compiler 21.1.6 (/Applications/Xcode.app/Contents/Developer/Toolchains/XcodeDefault.xctoolchain/usr/bin/clang++)
  Apple clang version 21.0.0 (clang-2100.1.1.101) Target: arm64-apple-darwin25.6.0 Thread model: posix InstalledDir: /Applications/Xcode.app/Contents/Developer/Toolchains/XcodeDefault.xctoolchain/usr/bin
Using Clang archiver (/Applications/Xcode.app/Contents/Developer/Toolchains/XcodeDefault.xctoolchain/usr/bin/libtool)
  Apple clang version 21.0.0 (clang-2100.1.1.101) Target: arm64-apple-darwin25.6.0 Thread model: posix InstalledDir: /Applications/Xcode.app/Contents/Developer/Toolchains/XcodeDefault.xctoolchain/usr/bin
[Adaptive Build] Excluded from Shoen unity file: KusazuriReviewGameMode.cpp
=================================
Using Unreal Build Accelerator local executor to run 2 action(s)
  CPU 10 physical cores, 10 logical cores
  Memory 32 GB physical, 26.75 GB/32 GB committed
  UBA Storage capacity 40 GB
[1/2] Compile [Apple] KusazuriReviewGameMode.cpp
[2/2] Link [Apple] libUnrealEditor-Shoen.dylib

Total time in Unreal Build Accelerator local executor: 11.07 seconds
Output binary: /Users/Shared/Epic Games/UE_5.8/Engine/Binaries/Mac/UnrealEditor
Deploying ShoenEditor Mac Development...
Deploying now!

Result: Succeeded
Total execution time: 15.73 seconds
Trace written to file /Users/brianwilliams/Library/Application Support/Epic/UnrealBuildTool/Trace.uba with size 4.9kb
