00:01.057  blend            | Read blend: "/Users/brianwilliams/Desktop/Shoen-Rise-of-the-Samurai/SourceArt/Characters/Samurai/Kusazuri01/Kusazuri01.blend"
00:22.424  render           | Saved: '/Users/brianwilliams/Desktop/Shoen-Rise-of-the-Samurai/SourceArt/Characters/Samurai/Kusazuri01/Review/Captures/front.png'
00:34.511  render           | Saved: '/Users/brianwilliams/Desktop/Shoen-Rise-of-the-Samurai/SourceArt/Characters/Samurai/Kusazuri01/Review/Captures/back.png'
00:46.140  render           | Saved: '/Users/brianwilliams/Desktop/Shoen-Rise-of-the-Samurai/SourceArt/Characters/Samurai/Kusazuri01/Review/Captures/left.png'
00:57.773  render           | Saved: '/Users/brianwilliams/Desktop/Shoen-Rise-of-the-Samurai/SourceArt/Characters/Samurai/Kusazuri01/Review/Captures/right.png'
01:12.669  render           | Saved: '/Users/brianwilliams/Desktop/Shoen-Rise-of-the-Samurai/SourceArt/Characters/Samurai/Kusazuri01/Review/Captures/threequarter-front.png'
01:25.033  render           | Saved: '/Users/brianwilliams/Desktop/Shoen-Rise-of-the-Samurai/SourceArt/Characters/Samurai/Kusazuri01/Review/Captures/threequarter-rear.png'
01:33.745  render           | Saved: '/Users/brianwilliams/Desktop/Shoen-Rise-of-the-Samurai/SourceArt/Characters/Samurai/Kusazuri01/Review/Captures/top-interior.png'
01:43.830  render           | Saved: '/Users/brianwilliams/Desktop/Shoen-Rise-of-the-Samurai/SourceArt/Characters/Samurai/Kusazuri01/Review/Captures/underside.png'
01:52.666  render           | Saved: '/Users/brianwilliams/Desktop/Shoen-Rise-of-the-Samurai/SourceArt/Characters/Samurai/Kusazuri01/Review/Captures/exploded-construction.png'
01:58.904  render           | Saved: '/Users/brianwilliams/Desktop/Shoen-Rise-of-the-Samurai/SourceArt/Characters/Samurai/Kusazuri01/Review/Captures/outfit-front.png'
02:05.689  render           | Saved: '/Users/brianwilliams/Desktop/Shoen-Rise-of-the-Samurai/SourceArt/Characters/Samurai/Kusazuri01/Review/Captures/outfit-back.png'
02:13.200  render           | Saved: '/Users/brianwilliams/Desktop/Shoen-Rise-of-the-Samurai/SourceArt/Characters/Samurai/Kusazuri01/Review/Captures/outfit-threequarter.png'
02:16.994  render           | Saved: '/Users/brianwilliams/Desktop/Shoen-Rise-of-the-Samurai/SourceArt/Characters/Samurai/Kusazuri01/Review/Captures/tactical-distance.png'
02:27.126  render           | Saved: '/Users/brianwilliams/Desktop/Shoen-Rise-of-the-Samurai/SourceArt/Characters/Samurai/Kusazuri01/Review/Captures/pose-neutral.png'
02:35.596  render           | Saved: '/Users/brianwilliams/Desktop/Shoen-Rise-of-the-Samurai/SourceArt/Characters/Samurai/Kusazuri01/Review/Captures/pose-wide-step.png'
02:44.926  render           | Saved: '/Users/brianwilliams/Desktop/Shoen-Rise-of-the-Samurai/SourceArt/Characters/Samurai/Kusazuri01/Review/Captures/pose-wide-stance.png'
02:55.518  render           | Saved: '/Users/brianwilliams/Desktop/Shoen-Rise-of-the-Samurai/SourceArt/Characters/Samurai/Kusazuri01/Review/Captures/pose-knee-lift.png'
03:04.312  render           | Saved: '/Users/brianwilliams/Desktop/Shoen-Rise-of-the-Samurai/SourceArt/Characters/Samurai/Kusazuri01/Review/Captures/pose-crouch.png'
03:15.230  render           | Saved: '/Users/brianwilliams/Desktop/Shoen-Rise-of-the-Samurai/SourceArt/Characters/Samurai/Kusazuri01/Review/Captures/pose-combat-stance.png'
03:23.411  render           | Saved: '/Users/brianwilliams/Desktop/Shoen-Rise-of-the-Samurai/SourceArt/Characters/Samurai/Kusazuri01/Review/Captures/pose-torso-turn.png'
03:34.546  render           | Saved: '/Users/brianwilliams/Desktop/Shoen-Rise-of-the-Samurai/SourceArt/Characters/Samurai/Kusazuri01/Review/Captures/pose-hip-rotation.png'
03:42.585  render           | Saved: '/Users/brianwilliams/Desktop/Shoen-Rise-of-the-Samurai/SourceArt/Characters/Samurai/Kusazuri01/Review/Captures/pose-bow-diagnostic.png'
03:52.873  render           | Saved: '/Users/brianwilliams/Desktop/Shoen-Rise-of-the-Samurai/SourceArt/Characters/Samurai/Kusazuri01/Review/Captures/pose-A_Idle-227.png'
04:00.404  render           | Saved: '/Users/brianwilliams/Desktop/Shoen-Rise-of-the-Samurai/SourceArt/Characters/Samurai/Kusazuri01/Review/Captures/pose-A_Idle-112.png'
04:11.351  render           | Saved: '/Users/brianwilliams/Desktop/Shoen-Rise-of-the-Samurai/SourceArt/Characters/Samurai/Kusazuri01/Review/Captures/pose-A_Idle-156.png'
04:19.424  render           | Saved: '/Users/brianwilliams/Desktop/Shoen-Rise-of-the-Samurai/SourceArt/Characters/Samurai/Kusazuri01/Review/Captures/pose-A_Idle-2.png'
04:31.083  render           | Saved: '/Users/brianwilliams/Desktop/Shoen-Rise-of-the-Samurai/SourceArt/Characters/Samurai/Kusazuri01/Review/Captures/pose-A_Idle-160.png'
04:39.490  render           | Saved: '/Users/brianwilliams/Desktop/Shoen-Rise-of-the-Samurai/SourceArt/Characters/Samurai/Kusazuri01/Review/Captures/pose-A_Walk-13.png'
04:50.851  render           | Saved: '/Users/brianwilliams/Desktop/Shoen-Rise-of-the-Samurai/SourceArt/Characters/Samurai/Kusazuri01/Review/Captures/pose-A_Walk-23.png'
05:00.426  render           | Saved: '/Users/brianwilliams/Desktop/Shoen-Rise-of-the-Samurai/SourceArt/Characters/Samurai/Kusazuri01/Review/Captures/pose-A_Walk-41.png'
05:08.431  render           | Saved: '/Users/brianwilliams/Desktop/Shoen-Rise-of-the-Samurai/SourceArt/Characters/Samurai/Kusazuri01/Review/Captures/pose-A_Walk-6.png'
05:21.687  render           | Saved: '/Users/brianwilliams/Desktop/Shoen-Rise-of-the-Samurai/SourceArt/Characters/Samurai/Kusazuri01/Review/Captures/pose-A_Run-28.png'
05:29.367  render           | Saved: '/Users/brianwilliams/Desktop/Shoen-Rise-of-the-Samurai/SourceArt/Characters/Samurai/Kusazuri01/Review/Captures/pose-A_Run-20.png'
05:41.686  render           | Saved: '/Users/brianwilliams/Desktop/Shoen-Rise-of-the-Samurai/SourceArt/Characters/Samurai/Kusazuri01/Review/Captures/pose-A_Run-43.png'
05:51.288  render           | Saved: '/Users/brianwilliams/Desktop/Shoen-Rise-of-the-Samurai/SourceArt/Characters/Samurai/Kusazuri01/Review/Captures/pose-A_Run-29.png'
06:01.631  render           | Saved: '/Users/brianwilliams/Desktop/Shoen-Rise-of-the-Samurai/SourceArt/Characters/Samurai/Kusazuri01/Review/Captures/pose-A_Run-31.png'
06:12.562  render           | Saved: '/Users/brianwilliams/Desktop/Shoen-Rise-of-the-Samurai/SourceArt/Characters/Samurai/Kusazuri01/Review/Captures/pose-A_Attack-1.png'
06:25.774  render           | Saved: '/Users/brianwilliams/Desktop/Shoen-Rise-of-the-Samurai/SourceArt/Characters/Samurai/Kusazuri01/Review/Captures/pose-A_Attack-12.png'
06:34.823  render           | Saved: '/Users/brianwilliams/Desktop/Shoen-Rise-of-the-Samurai/SourceArt/Characters/Samurai/Kusazuri01/Review/Captures/pose-A_Attack-23.png'
06:48.045  render           | Saved: '/Users/brianwilliams/Desktop/Shoen-Rise-of-the-Samurai/SourceArt/Characters/Samurai/Kusazuri01/Review/Captures/pose-A_Attack-13.png'
06:56.564  render           | Saved: '/Users/brianwilliams/Desktop/Shoen-Rise-of-the-Samurai/SourceArt/Characters/Samurai/Kusazuri01/Review/Captures/pose-A_Walk-19.png'
07:08.943  render           | Saved: '/Users/brianwilliams/Desktop/Shoen-Rise-of-the-Samurai/SourceArt/Characters/Samurai/Kusazuri01/Review/Captures/pose-A_Run-22.png'
07:17.903  render           | Saved: '/Users/brianwilliams/Desktop/Shoen-Rise-of-the-Samurai/SourceArt/Characters/Samurai/Kusazuri01/Review/Captures/pose-A_Run-32.png'
07:30.168  render           | Saved: '/Users/brianwilliams/Desktop/Shoen-Rise-of-the-Samurai/SourceArt/Characters/Samurai/Kusazuri01/Review/Captures/pose-A_Run-39.png'
KUSAZURI01_REVIEW_COMPLETE {"captures": 44, "measured_poses": 372, "surface_clear": false}
Blender 5.1.2 (hash ec6e62d40fa9 built 2026-05-19 01:30:33)

Blender quit
