+ ["/opt/homebrew/bin/cmake", "-S", "/Users/brianwilliams/Desktop/Shoen-Rise-of-the-Samurai/core", "-B", "/Users/brianwilliams/Desktop/Shoen-Rise-of-the-Samurai/build/core", "-DCMAKE_BUILD_TYPE=Debug"]
-- Configuring done (0.2s)
-- Generating done (0.1s)
-- Build files have been written to: /Users/brianwilliams/Desktop/Shoen-Rise-of-the-Samurai/build/core
+ ["/opt/homebrew/bin/cmake", "--build", "/Users/brianwilliams/Desktop/Shoen-Rise-of-the-Samurai/build/core", "--config", "Debug"]
[  8%] Building CXX object CMakeFiles/domain_core.dir/Users/brianwilliams/Desktop/Shoen-Rise-of-the-Samurai/game/Source/DomainCore/Private/sim/Inspection.cpp.o
[ 16%] Linking CXX static library libdomain_core.a
[ 50%] Built target domain_core
[ 58%] Linking CXX executable domain_core_tests
[ 66%] Built target domain_core_tests
[ 75%] Linking CXX executable domain_building_tests
[ 83%] Built target domain_building_tests
[ 91%] Building CXX object CMakeFiles/domain_inspection_tests.dir/tests/test_inspection.cpp.o
[100%] Linking CXX executable domain_inspection_tests
[100%] Built target domain_inspection_tests
+ ["/opt/homebrew/bin/ctest", "--test-dir", "/Users/brianwilliams/Desktop/Shoen-Rise-of-the-Samurai/build/core", "-C", "Debug", "--output-on-failure", "--no-tests=error"]
Test project /Users/brianwilliams/Desktop/Shoen-Rise-of-the-Samurai/build/core
    Start 1: domain_core_invariants
1/3 Test #1: domain_core_invariants ...........   Passed    8.27 sec
    Start 2: domain_building_invariants
2/3 Test #2: domain_building_invariants .......   Passed    0.38 sec
    Start 3: domain_inspection_invariants
3/3 Test #3: domain_inspection_invariants .....   Passed    0.28 sec

100% tests passed out of 3

Total Test time (real) =   8.95 sec
