Curated automation output. Full startup/runtime log retained locally in artifacts/local/m2b-full-logs/inspection-fixture-failure.log

+ ["/Users/Shared/Epic Games/UE_5.8/Engine/Binaries/Mac/UnrealEditor.app/Contents/MacOS/UnrealEditor", "/Users/brianwilliams/Desktop/Shoen-Rise-of-the-Samurai/game/Shoen.uproject", "-ExecCmds=Automation RunTests Shoen.Inspection", "-TestExit=Automation Test Queue Empty", "-unattended", "-NullRHI", "-ReportExportPath=/Users/brianwilliams/Desktop/Shoen-Rise-of-the-Samurai/artifacts/tooling-editor-test-inspection-20260915T101156Z-4f4d5129", "-nop4", "-nosplash", "-stdout", "-FullStdOutLogOutput"]
LogCsvProfiler: Display: Metadata set : commandline="" /Users/brianwilliams/Desktop/Shoen-Rise-of-the-Samurai/game/Shoen.uproject -ExecCmds="Automation RunTests Shoen.Inspection" -TestExit="Automation Test Queue Empty" -unattended -NullRHI -ReportExportPath=/Users/brianwilliams/Desktop/Shoen-Rise-of-the-Samurai/artifacts/tooling-editor-test-inspection-20260915T101156Z-4f4d5129 -nop4 -nosplash -stdout -FullStdOutLogOutput""
LogInit: Command Line: -ExecCmds="Automation RunTests Shoen.Inspection" -TestExit="Automation Test Queue Empty" -unattended -NullRHI -ReportExportPath=/Users/brianwilliams/Desktop/Shoen-Rise-of-the-Samurai/artifacts/tooling-editor-test-inspection-20260915T101156Z-4f4d5129 -nop4 -nosplash -stdout -FullStdOutLogOutput
[2026.09.15-10.12.08:706][583]LogAutomationController: Display: Test Started. Name={SelectionLifecycleAndReload} Path={Shoen.Inspection.SelectionLifecycleAndReload}
[2026.09.15-10.12.08:717][585]LogAutomationController: Error: Test Completed. Result={Fail} Name={SelectionLifecycleAndReload} Path={Shoen.Inspection.SelectionLifecycleAndReload}
[2026.09.15-10.12.08:717][585]LogAutomationController: BeginEvents: Shoen.Inspection.SelectionLifecycleAndReload
[2026.09.15-10.12.08:717][585]LogAutomationController: Error: recreated view reacquires same stable selection: The two values are not equal.
[2026.09.15-10.12.08:717][585]LogAutomationController: Error: Expected 'load intentionally clears UI selection' to be true.
[2026.09.15-10.12.08:717][585]LogAutomationController: EndEvents: Shoen.Inspection.SelectionLifecycleAndReload
[2026.09.15-10.12.08:717][586]LogAutomationController: Display: Test Started. Name={ViewIdentityAndHighlight} Path={Shoen.Inspection.ViewIdentityAndHighlight}
[2026.09.15-10.12.08:733][587]LogAutomationController: Display: Test Completed. Result={Success} Name={ViewIdentityAndHighlight} Path={Shoen.Inspection.ViewIdentityAndHighlight}
[2026.09.15-10.12.08:733][587]LogAutomationController: BeginEvents: Shoen.Inspection.ViewIdentityAndHighlight
[2026.09.15-10.12.08:733][587]LogAutomationController: EndEvents: Shoen.Inspection.ViewIdentityAndHighlight
[2026.09.15-10.12.08:733][587]LogAutomationController: Display: Test Started. Name={ViewPicking} Path={Shoen.Inspection.ViewPicking}
[2026.09.15-10.12.08:758][590]LogAutomationController: Display: Test Completed. Result={Success} Name={ViewPicking} Path={Shoen.Inspection.ViewPicking}
[2026.09.15-10.12.08:758][590]LogAutomationController: BeginEvents: Shoen.Inspection.ViewPicking
[2026.09.15-10.12.08:758][590]LogAutomationController: EndEvents: Shoen.Inspection.ViewPicking
[2026.09.15-10.12.08:759][590]LogAutomationController: Exported report to '/Users/brianwilliams/Desktop/Shoen-Rise-of-the-Samurai/artifacts/tooling-editor-test-inspection-20260915T101156Z-4f4d5129' in 0.00 Seconds
[2026.09.15-10.12.08:759][590]LogAutomationCommandLine: Display: ...Automation Test Queue Empty 3 tests performed.
[2026.09.15-10.12.08:759][591]LogExit: Display: **** TestExit: Automation Test Queue Empty ****
ERROR: Shoen.Inspection.SelectionLifecycleAndReload: Fail (errors=2)
