PASS population conservation and requested 200-person proof
PASS outcome and demobilization exactly once
PASS wounded excluded from labor and recruitment
PASS six occupations and exact skill/estate return origin
PASS district loss attribution and allied return
PASS fixed days and all five speeds
PASS snapshot all ledgers resources generals clock RNG
PASS formation membership matches attached away records
PASS invalid transactions are immutable
PASS malformed worlds and saves rejected before replacement
PASS reload rejects duplicate applied outcome
PASS stable service IDs and independent RNG streams
PASS captivity missing and desertion remain living away
PASS formation troop role validated and persisted
PASS counter overflow rejects without mutation
PASS 1000 4000 8000 20000 finite scale fixtures
FAIL scale grid fits square camera framing: line 164: f.x==static_cast<double>(index%columns)*1500.0
PASS unique slots and nonoverlapping group move targets
PASS fixed 20Hz movement survives save continuation
18 passed, 1 failed
